ssd1306.c:1000:6:ssd1306_Reset	8	static
ssd1306.c:1008:6:ssd1306_WriteCommand	32	static
ssd1306.c:1014:6:ssd1306_WriteData	32	static
ssd1306.c:1020:17:ssd1306_FillBuffer	24	static
ssd1306.c:1030:6:ssd1306_Init	8	static
ssd1306.c:1083:6:ssd1306_Fill	24	static
ssd1306.c:1093:6:ssd1306_UpdateScreen	16	static
ssd1306.c:1112:6:ssd1306_DrawPixel	16	static
ssd1306.c:1135:6:ssd1306_WriteChar	48	static
ssd1306.c:1171:6:ssd1306_WriteString	24	static
ssd1306.c:1188:6:ssd1306_SetCursor	16	static
ssd1306.c:1194:6:ssd1306_Line	48	static
ssd1306.c:1225:6:ssd1306_Polyline	40	static
ssd1306.c:1240:14:ssd1306_DegToRad	16	static
ssd1306.c:1245:17:ssd1306_NormalizeTo0_360	24	static
ssd1306.c:1260:6:ssd1306_DrawArc	56	static
ssd1306.c:1296:6:ssd1306_DrawCircle	40	static
ssd1306.c:1336:6:ssd1306_DrawRectangle	32	static
ssd1306.c:1346:6:ssd1306_SetContrast	24	static
ssd1306.c:1352:6:ssd1306_SetDisplayOn	24	static
ssd1306.c:1364:9:ssd1306_GetDisplayOn	4	static
ssd1306.c:1368:6:ssd1306_DrawBitMap	32	static
ssd1306.c:1386:6:ssd1306_WriteErrorMsg	16	static
