main.c:90:5:main	48	static
main.c:161:6:SystemClock_Config	88	static
main.c:198:13:MX_ADC1_Init	24	static
main.c:259:13:MX_I2C1_Init	8	static
main.c:290:13:MX_USART2_UART_Init	8	static
main.c:321:13:MX_GPIO_Init	48	static
main.c:392:6:initPSU	16	static
main.c:416:6:showStartup	16	static
main.c:421:6:displayVoltageCurrent	56	static
main.c:512:6:enableOutput	8	static
main.c:516:6:disableOutput	8	static
main.c:520:6:buttonsHandler	16	static
main.c:566:10:vSetCalc	4	static
main.c:570:6:HAL_GPIO_EXTI_Callback	16	static
main.c:585:6:Error_Handler	4	static,ignoring_inline_asm
