main.c:89:5:main	56	static
main.c:202:6:SystemClock_Config	88	static
main.c:242:13:MX_ADC1_Init	24	static
main.c:308:13:MX_I2C1_Init	8	static
main.c:341:13:MX_USART2_UART_Init	8	static
main.c:374:13:MX_GPIO_Init	48	static
main.c:445:6:initPSU	16	static
main.c:469:6:showStartup	16	static
main.c:474:6:displayVoltageCurrent	56	static
main.c:517:6:enableOutput	8	static
main.c:521:6:disableOutput	8	static
main.c:525:6:HAL_GPIO_EXTI_Callback	16	static
main.c:538:6:Error_Handler	4	static,ignoring_inline_asm
