17:45:00 **** Incremental Build of configuration Debug for project PSU_FW ****
make -j7 all 
arm-none-eabi-gcc "../Core/Src/main.c" -mcpu=cortex-m4 -std=gnu11 -g3 -DUSE_HAL_DRIVER -DSTM32F401xE -DDEBUG -c -I../Core/Inc -I../Drivers/STM32F4xx_HAL_Driver/Inc -I../Drivers/STM32F4xx_HAL_Driver/Inc/Legacy -I../Drivers/CMSIS/Device/ST/STM32F4xx/Include -I../Drivers/CMSIS/Include -O0 -ffunction-sections -fdata-sections -Wall -fstack-usage -MMD -MP -MF"Core/Src/main.d" -MT"Core/Src/main.o" --specs=nano.specs -mfpu=fpv4-sp-d16 -mfloat-abi=hard -mthumb -o "Core/Src/main.o"
arm-none-eabi-gcc -o "PSU_FW.elf" @"objects.list"   -mcpu=cortex-m4 -T"/Users/adityasehgal/Documents/GitHub/Bench_Power_Supply/V2.0/Firmware/PSU_FW/PSU_FW/STM32F401RETX_FLASH.ld" --specs=nosys.specs -Wl,-Map="PSU_FW.map" -Wl,--gc-sections -static -L/Users/adityasehgal/Documents/GitHub/Bench_Power_Supply/V2.0/Firmware/PSU_FW/PSU_FW/Core --specs=nano.specs -mfpu=fpv4-sp-d16 -mfloat-abi=hard -mthumb -Wl,--start-group -lc -lm -Wl,--end-group
Finished building target: PSU_FW.elf
 
arm-none-eabi-objdump -h -S  PSU_FW.elf  > "PSU_FW.list"
arm-none-eabi-objcopy  -O binary  PSU_FW.elf  "PSU_FW.bin"
arm-none-eabi-size   PSU_FW.elf 
   text	   data	    bss	    dec	    hex	filename
  17204	    120	   2840	  20164	   4ec4	PSU_FW.elf
Finished building: default.size.stdout
 
Finished building: PSU_FW.bin
 
Finished building: PSU_FW.list
 

17:45:01 Build Finished. 0 errors, 0 warnings. (took 517ms)

